{
   "schemaVersion": 2,
   "mediaType": "application/vnd.docker.distribution.manifest.list.v2+json",
   "manifests": [
      {
         "mediaType": "application/vnd.docker.distribution.manifest.v2+json",
         "size": 428,
         "digest": "sha256:b50613d99a375702c3f4a12ade014a33115a3bb1bfc8271d04164d633a0ab0c2",
         "platform": {
            "architecture": "",
            "os": ""
         }
      },
      {
         "mediaType": "application/vnd.docker.distribution.manifest.v2+json",
         "size": 428,
         "digest": "sha256:b50613d99a375702c3f4a12ade014a33115a3bb1bfc8271d04164d633a0ab0c2",
         "platform": {
            "architecture": "",
            "os": ""
         }
      }
   ]
}
